{
  "TodoMVC - React": {
    "No Todos": {
      "should hide #main and #footer": "pass"
    }
  }
}
